// Jest Snapshot v1, https://goo.gl/fbAQLP

exports[`render ExpenseList with expenses 1`] = `
<div>
  <ExpenseListItem
    amount={200000}
    createdAt={0}
    desc="rent"
    id="1"
    key="1"
    note=""
  />
  <ExpenseListItem
    amount={195}
    createdAt={-345600000}
    desc="Gum"
    id="2"
    key="2"
    note=""
  />
  <ExpenseListItem
    amount={4500}
    createdAt={345600000}
    desc="credit card"
    id="3"
    key="3"
    note=""
  />
</div>
`;

exports[`render ExpenseList with no expenses 1`] = `
<div>
  <p>
    No expenses available
  </p>
</div>
`;
