// Jest Snapshot v1, https://goo.gl/fbAQLP

exports[`render ExpenseList with expenses 1`] = `
<div>
  <Link
    replace={false}
    to="/edit/1"
  >
    <h3>
      rent
    </h3>
  </Link>
  <p>
    200000
     - 
    0
  </p>
</div>
`;
