// Jest Snapshot v1, https://goo.gl/fbAQLP

exports[`see header tag in Header 1`] = `
<header>
  <h1>
    Expensify
  </h1>
  <NavLink
    activeClassName="isActive"
    ariaCurrent="true"
    exact={true}
    to="/"
  >
    Home
  </NavLink>
  <NavLink
    activeClassName="isActive"
    ariaCurrent="true"
    to="/create"
  >
    Create
  </NavLink>
  <NavLink
    activeClassName="isActive"
    ariaCurrent="true"
    to="/help"
  >
    Help
  </NavLink>
</header>
`;
